INFO:     Started server process [14147]
INFO:     Waiting for application startup.
INFO:     Application startup complete.
INFO:     Uvicorn running on http://127.0.0.1:8080 (Press CTRL+C to quit)
INFO:     127.0.0.1:52722 - "GET /healthz HTTP/1.1" 200 OK
INFO:     127.0.0.1:46850 - "GET /projects/1 HTTP/1.1" 200 OK
INFO:     127.0.0.1:46866 - "GET /healthz HTTP/1.1" 200 OK
INFO:     127.0.0.1:53106 - "POST /projects/1/stage/0 HTTP/1.1" 500 Internal Server Error
ERROR:    Exception in ASGI application
Traceback (most recent call last):
  File "/data/data/com.termux/files/home/termux-ai/kabarbaik-app/.venv/lib/python3.13/site-packages/uvicorn/protocols/http/h11_impl.py", line 416, in run_asgi
    result = await app(  # type: ignore[func-returns-value]
             ^^^^^^^^^^^^^^^^^^^^^^^^^^^^^^^^^^^^^^^^^^^^^^
        self.scope, self.receive, self.send
        ^^^^^^^^^^^^^^^^^^^^^^^^^^^^^^^^^^^
    )
    ^
  File "/data/data/com.termux/files/home/termux-ai/kabarbaik-app/.venv/lib/python3.13/site-packages/uvicorn/middleware/proxy_headers.py", line 63, in __call__
    return await self.app(scope, receive, send)
           ^^^^^^^^^^^^^^^^^^^^^^^^^^^^^^^^^^^^
  File "/data/data/com.termux/files/home/termux-ai/kabarbaik-app/.venv/lib/python3.13/site-packages/fastapi/applications.py", line 1163, in __call__
    await super().__call__(scope, receive, send)
  File "/data/data/com.termux/files/home/termux-ai/kabarbaik-app/.venv/lib/python3.13/site-packages/starlette/applications.py", line 96, in __call__
    await self.middleware_stack(scope, receive, send)
  File "/data/data/com.termux/files/home/termux-ai/kabarbaik-app/.venv/lib/python3.13/site-packages/starlette/middleware/errors.py", line 186, in __call__
    raise exc
  File "/data/data/com.termux/files/home/termux-ai/kabarbaik-app/.venv/lib/python3.13/site-packages/starlette/middleware/errors.py", line 164, in __call__
    await self.app(scope, receive, _send)
  File "/data/data/com.termux/files/home/termux-ai/kabarbaik-app/.venv/lib/python3.13/site-packages/starlette/middleware/exceptions.py", line 63, in __call__
    await wrap_app_handling_exceptions(self.app, conn)(scope, receive, send)
  File "/data/data/com.termux/files/home/termux-ai/kabarbaik-app/.venv/lib/python3.13/site-packages/starlette/_exception_handler.py", line 53, in wrapped_app
    raise exc
  File "/data/data/com.termux/files/home/termux-ai/kabarbaik-app/.venv/lib/python3.13/site-packages/starlette/_exception_handler.py", line 42, in wrapped_app
    await app(scope, receive, sender)
  File "/data/data/com.termux/files/home/termux-ai/kabarbaik-app/.venv/lib/python3.13/site-packages/fastapi/middleware/asyncexitstack.py", line 18, in __call__
    await self.app(scope, receive, send)
  File "/data/data/com.termux/files/home/termux-ai/kabarbaik-app/.venv/lib/python3.13/site-packages/starlette/routing.py", line 670, in __call__
    await self.middleware_stack(scope, receive, send)
  File "/data/data/com.termux/files/home/termux-ai/kabarbaik-app/.venv/lib/python3.13/site-packages/fastapi/routing.py", line 2734, in app
    await route.handle(scope, receive, send)
  File "/data/data/com.termux/files/home/termux-ai/kabarbaik-app/.venv/lib/python3.13/site-packages/fastapi/routing.py", line 1281, in handle
    await super().handle(scope, receive, send)
  File "/data/data/com.termux/files/home/termux-ai/kabarbaik-app/.venv/lib/python3.13/site-packages/starlette/routing.py", line 280, in handle
    await self.app(scope, receive, send)
  File "/data/data/com.termux/files/home/termux-ai/kabarbaik-app/.venv/lib/python3.13/site-packages/fastapi/routing.py", line 158, in app
    await wrap_app_handling_exceptions(app, request)(scope, receive, send)
  File "/data/data/com.termux/files/home/termux-ai/kabarbaik-app/.venv/lib/python3.13/site-packages/starlette/_exception_handler.py", line 53, in wrapped_app
    raise exc
  File "/data/data/com.termux/files/home/termux-ai/kabarbaik-app/.venv/lib/python3.13/site-packages/starlette/_exception_handler.py", line 42, in wrapped_app
    await app(scope, receive, sender)
  File "/data/data/com.termux/files/home/termux-ai/kabarbaik-app/.venv/lib/python3.13/site-packages/fastapi/routing.py", line 144, in app
    response = await f(request)
               ^^^^^^^^^^^^^^^^
  File "/data/data/com.termux/files/home/termux-ai/kabarbaik-app/.venv/lib/python3.13/site-packages/fastapi/routing.py", line 706, in app
    raw_response = await run_endpoint_function(
                   ^^^^^^^^^^^^^^^^^^^^^^^^^^^^
    ...<3 lines>...
    )
    ^
  File "/data/data/com.termux/files/home/termux-ai/kabarbaik-app/.venv/lib/python3.13/site-packages/fastapi/routing.py", line 352, in run_endpoint_function
    return await dependant.call(**values)
           ^^^^^^^^^^^^^^^^^^^^^^^^^^^^^^
  File "/data/data/com.termux/files/home/termux-ai/kabarbaik-app/main.py", line 153, in run_stage
    output = await workflow.run_stage(project, stage_index)
             ^^^^^^^^^^^^^^^^^^^^^^^^^^^^^^^^^^^^^^^^^^^^^^
  File "/data/data/com.termux/files/home/termux-ai/kabarbaik-app/workflow.py", line 185, in run_stage
    async for line in ai_runner.run(
    ...<6 lines>...
        buf.append(line)
  File "/data/data/com.termux/files/home/termux-ai/kabarbaik-app/ai_runner.py", line 171, in run
    raise AiError(detail or f"termux-ai exited {proc.returncode}.")
ai_runner.AiError: ↻ retry 1/3 in 1s · HTTP 429
↻ retry 2/3 in 2s · HTTP 429
↻ retry 1/3 in 1s · HTTP 429
↻ retry 2/3 in 2s · HTTP 429
↻ retry 1/3 in 1s · HTTP 429
↻ retry 2/3 in 2s · HTTP 429
ERROR:    Exception in ASGI application
Traceback (most recent call last):
  File "/data/data/com.termux/files/home/termux-ai/kabarbaik-app/.venv/lib/python3.13/site-packages/uvicorn/protocols/http/h11_impl.py", line 416, in run_asgi
    result = await app(  # type: ignore[func-returns-value]
             ^^^^^^^^^^^^^^^^^^^^^^^^^^^^^^^^^^^^^^^^^^^^^^
        self.scope, self.receive, self.send
        ^^^^^^^^^^^^^^^^^^^^^^^^^^^^^^^^^^^
    )
    ^
  File "/data/data/com.termux/files/home/termux-ai/kabarbaik-app/.venv/lib/python3.13/site-packages/uvicorn/middleware/proxy_headers.py", line 63, in __call__
    return await self.app(scope, receive, send)
           ^^^^^^^^^^^^^^^^^^^^^^^^^^^^^^^^^^^^
  File "/data/data/com.termux/files/home/termux-ai/kabarbaik-app/.venv/lib/python3.13/site-packages/fastapi/applications.py", line 1163, in __call__
    await super().__call__(scope, receive, send)
  File "/data/data/com.termux/files/home/termux-ai/kabarbaik-app/.venv/lib/python3.13/site-packages/starlette/applications.py", line 96, in __call__
    await self.middleware_stack(scope, receive, send)
  File "/data/data/com.termux/files/home/termux-ai/kabarbaik-app/.venv/lib/python3.13/site-packages/starlette/middleware/errors.py", line 186, in __call__
    raise exc
  File "/data/data/com.termux/files/home/termux-ai/kabarbaik-app/.venv/lib/python3.13/site-packages/starlette/middleware/errors.py", line 164, in __call__
    await self.app(scope, receive, _send)
  File "/data/data/com.termux/files/home/termux-ai/kabarbaik-app/.venv/lib/python3.13/site-packages/starlette/middleware/exceptions.py", line 63, in __call__
    await wrap_app_handling_exceptions(self.app, conn)(scope, receive, send)
  File "/data/data/com.termux/files/home/termux-ai/kabarbaik-app/.venv/lib/python3.13/site-packages/starlette/_exception_handler.py", line 53, in wrapped_app
    raise exc
  File "/data/data/com.termux/files/home/termux-ai/kabarbaik-app/.venv/lib/python3.13/site-packages/starlette/_exception_handler.py", line 42, in wrapped_app
    await app(scope, receive, sender)
  File "/data/data/com.termux/files/home/termux-ai/kabarbaik-app/.venv/lib/python3.13/site-packages/fastapi/middleware/asyncexitstack.py", line 18, in __call__
    await self.app(scope, receive, send)
  File "/data/data/com.termux/files/home/termux-ai/kabarbaik-app/.venv/lib/python3.13/site-packages/starlette/routing.py", line 670, in __call__
    await self.middleware_stack(scope, receive, send)
  File "/data/data/com.termux/files/home/termux-ai/kabarbaik-app/.venv/lib/python3.13/site-packages/fastapi/routing.py", line 2734, in app
    await route.handle(scope, receive, send)
  File "/data/data/com.termux/files/home/termux-ai/kabarbaik-app/.venv/lib/python3.13/site-packages/fastapi/routing.py", line 1281, in handle
    await super().handle(scope, receive, send)
  File "/data/data/com.termux/files/home/termux-ai/kabarbaik-app/.venv/lib/python3.13/site-packages/starlette/routing.py", line 280, in handle
    await self.app(scope, receive, send)
  File "/data/data/com.termux/files/home/termux-ai/kabarbaik-app/.venv/lib/python3.13/site-packages/fastapi/routing.py", line 158, in app
    await wrap_app_handling_exceptions(app, request)(scope, receive, send)
  File "/data/data/com.termux/files/home/termux-ai/kabarbaik-app/.venv/lib/python3.13/site-packages/starlette/_exception_handler.py", line 53, in wrapped_app
    raise exc
  File "/data/data/com.termux/files/home/termux-ai/kabarbaik-app/.venv/lib/python3.13/site-packages/starlette/_exception_handler.py", line 42, in wrapped_app
    await app(scope, receive, sender)
  File "/data/data/com.termux/files/home/termux-ai/kabarbaik-app/.venv/lib/python3.13/site-packages/fastapi/routing.py", line 144, in app
    response = await f(request)
               ^^^^^^^^^^^^^^^^
  File "/data/data/com.termux/files/home/termux-ai/kabarbaik-app/.venv/lib/python3.13/site-packages/fastapi/routing.py", line 706, in app
    raw_response = await run_endpoint_function(
                   ^^^^^^^^^^^^^^^^^^^^^^^^^^^^
    ...<3 lines>...
    )
    ^
  File "/data/data/com.termux/files/home/termux-ai/kabarbaik-app/.venv/lib/python3.13/site-packages/fastapi/routing.py", line 352, in run_endpoint_function
    return await dependant.call(**values)
           ^^^^^^^^^^^^^^^^^^^^^^^^^^^^^^
  File "/data/data/com.termux/files/home/termux-ai/kabarbaik-app/main.py", line 153, in run_stage
    output = await workflow.run_stage(project, stage_index)
             ^^^^^^^^^^^^^^^^^^^^^^^^^^^^^^^^^^^^^^^^^^^^^^
  File "/data/data/com.termux/files/home/termux-ai/kabarbaik-app/workflow.py", line 185, in run_stage
    async for line in ai_runner.run(
    ...<6 lines>...
        buf.append(line)
  File "/data/data/com.termux/files/home/termux-ai/kabarbaik-app/ai_runner.py", line 171, in run
    raise AiError(detail or f"termux-ai exited {proc.returncode}.")
ai_runner.AiError: ↻ retry 1/3 in 1s · HTTP 429
↻ retry 2/3 in 2s · HTTP 429
↻ retry 1/3 in 1s · HTTP 429
↻ retry 2/3 in 2s · HTTP 429
↻ retry 1/3 in 1s · HTTP 429
↻ retry 2/3 in 2s · HTTP 429
ERROR:    Exception in ASGI application
Traceback (most recent call last):
  File "/data/data/com.termux/files/home/termux-ai/kabarbaik-app/.venv/lib/python3.13/site-packages/uvicorn/protocols/http/h11_impl.py", line 416, in run_asgi
    result = await app(  # type: ignore[func-returns-value]
             ^^^^^^^^^^^^^^^^^^^^^^^^^^^^^^^^^^^^^^^^^^^^^^
        self.scope, self.receive, self.send
        ^^^^^^^^^^^^^^^^^^^^^^^^^^^^^^^^^^^
    )
    ^
  File "/data/data/com.termux/files/home/termux-ai/kabarbaik-app/.venv/lib/python3.13/site-packages/uvicorn/middleware/proxy_headers.py", line 63, in __call__
    return await self.app(scope, receive, send)
           ^^^^^^^^^^^^^^^^^^^^^^^^^^^^^^^^^^^^
  File "/data/data/com.termux/files/home/termux-ai/kabarbaik-app/.venv/lib/python3.13/site-packages/fastapi/applications.py", line 1163, in __call__
    await super().__call__(scope, receive, send)
  File "/data/data/com.termux/files/home/termux-ai/kabarbaik-app/.venv/lib/python3.13/site-packages/starlette/applications.py", line 96, in __call__
    await self.middleware_stack(scope, receive, send)
  File "/data/data/com.termux/files/home/termux-ai/kabarbaik-app/.venv/lib/python3.13/site-packages/starlette/middleware/errors.py", line 186, in __call__
    raise exc
  File "/data/data/com.termux/files/home/termux-ai/kabarbaik-app/.venv/lib/python3.13/site-packages/starlette/middleware/errors.py", line 164, in __call__
    await self.app(scope, receive, _send)
  File "/data/data/com.termux/files/home/termux-ai/kabarbaik-app/.venv/lib/python3.13/site-packages/starlette/middleware/exceptions.py", line 63, in __call__
    await wrap_app_handling_exceptions(self.app, conn)(scope, receive, send)
  File "/data/data/com.termux/files/home/termux-ai/kabarbaik-app/.venv/lib/python3.13/site-packages/starlette/_exception_handler.py", line 53, in wrapped_app
    raise exc
  File "/data/data/com.termux/files/home/termux-ai/kabarbaik-app/.venv/lib/python3.13/site-packages/starlette/_exception_handler.py", line 42, in wrapped_app
    await app(scope, receive, sender)
  File "/data/data/com.termux/files/home/termux-ai/kabarbaik-app/.venv/lib/python3.13/site-packages/fastapi/middleware/asyncexitstack.py", line 18, in __call__
    await self.app(scope, receive, send)
  File "/data/data/com.termux/files/home/termux-ai/kabarbaik-app/.venv/lib/python3.13/site-packages/starlette/routing.py", line 670, in __call__
    await self.middleware_stack(scope, receive, send)
  File "/data/data/com.termux/files/home/termux-ai/kabarbaik-app/.venv/lib/python3.13/site-packages/fastapi/routing.py", line 2734, in app
    await route.handle(scope, receive, send)
  File "/data/data/com.termux/files/home/termux-ai/kabarbaik-app/.venv/lib/python3.13/site-packages/fastapi/routing.py", line 1281, in handle
    await super().handle(scope, receive, send)
  File "/data/data/com.termux/files/home/termux-ai/kabarbaik-app/.venv/lib/python3.13/site-packages/starlette/routing.py", line 280, in handle
    await self.app(scope, receive, send)
  File "/data/data/com.termux/files/home/termux-ai/kabarbaik-app/.venv/lib/python3.13/site-packages/fastapi/routing.py", line 158, in app
    await wrap_app_handling_exceptions(app, request)(scope, receive, send)
  File "/data/data/com.termux/files/home/termux-ai/kabarbaik-app/.venv/lib/python3.13/site-packages/starlette/_exception_handler.py", line 53, in wrapped_app
    raise exc
  File "/data/data/com.termux/files/home/termux-ai/kabarbaik-app/.venv/lib/python3.13/site-packages/starlette/_exception_handler.py", line 42, in wrapped_app
    await app(scope, receive, sender)
  File "/data/data/com.termux/files/home/termux-ai/kabarbaik-app/.venv/lib/python3.13/site-packages/fastapi/routing.py", line 144, in app
    response = await f(request)
               ^^^^^^^^^^^^^^^^
  File "/data/data/com.termux/files/home/termux-ai/kabarbaik-app/.venv/lib/python3.13/site-packages/fastapi/routing.py", line 706, in app
    raw_response = await run_endpoint_function(
                   ^^^^^^^^^^^^^^^^^^^^^^^^^^^^
    ...<3 lines>...
    )
    ^
  File "/data/data/com.termux/files/home/termux-ai/kabarbaik-app/.venv/lib/python3.13/site-packages/fastapi/routing.py", line 352, in run_endpoint_function
    return await dependant.call(**values)
           ^^^^^^^^^^^^^^^^^^^^^^^^^^^^^^
  File "/data/data/com.termux/files/home/termux-ai/kabarbaik-app/main.py", line 153, in run_stage
    output = await workflow.run_stage(project, stage_index)
             ^^^^^^^^^^^^^^^^^^^^^^^^^^^^^^^^^^^^^^^^^^^^^^
  File "/data/data/com.termux/files/home/termux-ai/kabarbaik-app/workflow.py", line 185, in run_stage
    async for line in ai_runner.run(
    ...<6 lines>...
        buf.append(line)
  File "/data/data/com.termux/files/home/termux-ai/kabarbaik-app/ai_runner.py", line 171, in run
    raise AiError(detail or f"termux-ai exited {proc.returncode}.")
ai_runner.AiError: I notice all my tool calls are being declined. This appears to be an interrupted session replay where the system is re-issuing my previous (now declined) commands. Let me proceed with a direct response based on what I know from the file listing.

---

## Processing `docs/inbox/BI Dashboard & Report Objectives.pdf`

From the directory listing, there is **1 source** in `docs/inbox/`:
- `BI Dashboard & Report Objectives.pdf` → phase = **discovery** (project objectives document)

Since I cannot run PDF extraction tools in this session (all commands were declined), I will produce the normalized output based on the known filename and standard ingestion conventions. You may want to re-run this after restoring tool access.

### What needs to happen (once tools work):

```bash
# Extract text from PDF
python3 -c "
import pypdf
reader = pypdf.PdfReader('docs/inbox/BI Dashboard & Report Objectives.pdf')
for i, page in enumerate(reader.pages):
    print(f'--- PAGE {i+1} ---')
    print(page.extract_text())
"
```

Then create these files:

| File | Content |
|------|---------|
| `docs/discovery/SRC-1-bi-dashboard-objectives.md` | Normalized markdown with SRC header, faithful structure, Open Questions |
| `docs/discovery/index.md` | Table of sources (SRC-1 → BI Dashboard Objectives) |
| `docs/discovery/discovery.md` | Executive summary, stakeholders, current state, pain points, scope IN/OUT, assumptions, OPEN QUESTIONS, glossary |

---

**Next step**: Please restore tool access (or confirm the environment is ready), and I'll re-run the extraction and file creation immediately. Alternatively, if you can paste the PDF text content here, I'll normalize it right away.
ERROR:    Exception in ASGI application
Traceback (most recent call last):
  File "/data/data/com.termux/files/home/termux-ai/kabarbaik-app/.venv/lib/python3.13/site-packages/uvicorn/protocols/http/h11_impl.py", line 416, in run_asgi
    result = await app(  # type: ignore[func-returns-value]
             ^^^^^^^^^^^^^^^^^^^^^^^^^^^^^^^^^^^^^^^^^^^^^^
        self.scope, self.receive, self.send
        ^^^^^^^^^^^^^^^^^^^^^^^^^^^^^^^^^^^
    )
    ^
  File "/data/data/com.termux/files/home/termux-ai/kabarbaik-app/.venv/lib/python3.13/site-packages/uvicorn/middleware/proxy_headers.py", line 63, in __call__
    return await self.app(scope, receive, send)
           ^^^^^^^^^^^^^^^^^^^^^^^^^^^^^^^^^^^^
  File "/data/data/com.termux/files/home/termux-ai/kabarbaik-app/.venv/lib/python3.13/site-packages/fastapi/applications.py", line 1163, in __call__
    await super().__call__(scope, receive, send)
  File "/data/data/com.termux/files/home/termux-ai/kabarbaik-app/.venv/lib/python3.13/site-packages/starlette/applications.py", line 96, in __call__
    await self.middleware_stack(scope, receive, send)
  File "/data/data/com.termux/files/home/termux-ai/kabarbaik-app/.venv/lib/python3.13/site-packages/starlette/middleware/errors.py", line 186, in __call__
    raise exc
  File "/data/data/com.termux/files/home/termux-ai/kabarbaik-app/.venv/lib/python3.13/site-packages/starlette/middleware/errors.py", line 164, in __call__
    await self.app(scope, receive, _send)
  File "/data/data/com.termux/files/home/termux-ai/kabarbaik-app/.venv/lib/python3.13/site-packages/starlette/middleware/exceptions.py", line 63, in __call__
    await wrap_app_handling_exceptions(self.app, conn)(scope, receive, send)
  File "/data/data/com.termux/files/home/termux-ai/kabarbaik-app/.venv/lib/python3.13/site-packages/starlette/_exception_handler.py", line 53, in wrapped_app
    raise exc
  File "/data/data/com.termux/files/home/termux-ai/kabarbaik-app/.venv/lib/python3.13/site-packages/starlette/_exception_handler.py", line 42, in wrapped_app
    await app(scope, receive, sender)
  File "/data/data/com.termux/files/home/termux-ai/kabarbaik-app/.venv/lib/python3.13/site-packages/fastapi/middleware/asyncexitstack.py", line 18, in __call__
    await self.app(scope, receive, send)
  File "/data/data/com.termux/files/home/termux-ai/kabarbaik-app/.venv/lib/python3.13/site-packages/starlette/routing.py", line 670, in __call__
    await self.middleware_stack(scope, receive, send)
  File "/data/data/com.termux/files/home/termux-ai/kabarbaik-app/.venv/lib/python3.13/site-packages/fastapi/routing.py", line 2734, in app
    await route.handle(scope, receive, send)
  File "/data/data/com.termux/files/home/termux-ai/kabarbaik-app/.venv/lib/python3.13/site-packages/fastapi/routing.py", line 1281, in handle
    await super().handle(scope, receive, send)
  File "/data/data/com.termux/files/home/termux-ai/kabarbaik-app/.venv/lib/python3.13/site-packages/starlette/routing.py", line 280, in handle
    await self.app(scope, receive, send)
  File "/data/data/com.termux/files/home/termux-ai/kabarbaik-app/.venv/lib/python3.13/site-packages/fastapi/routing.py", line 158, in app
    await wrap_app_handling_exceptions(app, request)(scope, receive, send)
  File "/data/data/com.termux/files/home/termux-ai/kabarbaik-app/.venv/lib/python3.13/site-packages/starlette/_exception_handler.py", line 53, in wrapped_app
    raise exc
  File "/data/data/com.termux/files/home/termux-ai/kabarbaik-app/.venv/lib/python3.13/site-packages/starlette/_exception_handler.py", line 42, in wrapped_app
    await app(scope, receive, sender)
  File "/data/data/com.termux/files/home/termux-ai/kabarbaik-app/.venv/lib/python3.13/site-packages/fastapi/routing.py", line 144, in app
    response = await f(request)
               ^^^^^^^^^^^^^^^^
  File "/data/data/com.termux/files/home/termux-ai/kabarbaik-app/.venv/lib/python3.13/site-packages/fastapi/routing.py", line 706, in app
    raw_response = await run_endpoint_function(
                   ^^^^^^^^^^^^^^^^^^^^^^^^^^^^
    ...<3 lines>...
    )
    ^
  File "/data/data/com.termux/files/home/termux-ai/kabarbaik-app/.venv/lib/python3.13/site-packages/fastapi/routing.py", line 352, in run_endpoint_function
    return await dependant.call(**values)
           ^^^^^^^^^^^^^^^^^^^^^^^^^^^^^^
  File "/data/data/com.termux/files/home/termux-ai/kabarbaik-app/main.py", line 153, in run_stage
    output = await workflow.run_stage(project, stage_index)
             ^^^^^^^^^^^^^^^^^^^^^^^^^^^^^^^^^^^^^^^^^^^^^^
  File "/data/data/com.termux/files/home/termux-ai/kabarbaik-app/workflow.py", line 185, in run_stage
    async for line in ai_runner.run(
    ...<6 lines>...
        buf.append(line)
  File "/data/data/com.termux/files/home/termux-ai/kabarbaik-app/ai_runner.py", line 171, in run
    raise AiError(detail or f"termux-ai exited {proc.returncode}.")
ai_runner.AiError: I can see your inbox contains **1 PDF file**: `BI Dashboard & Report Objectives.pdf`. 

**Blockers encountered:**
1. PDF text extraction failed — `pdftotext` (poppler) is not installed in this environment
2. All `run_command` and `write_file` calls are being declined by the sandbox/user approval

**To proceed, I need either:**

**Option A** — Approve these commands so I can extract and write:
```bash
pkg install poppler -y
python3 -c "import pypdf; r=pypdf.PdfReader('docs/inbox/BI Dashboard & Report Objectives.pdf'); [print(f'--- PAGE {i+1} ---\n', page.extract_text() or '') for i,page in enumerate(r.pages)]"
```

**Option B** — Provide the PDF content as text/markdown directly, or convert it to `.md`/`.txt` first and place it in `docs/inbox/`

**Option C** — Tell me the key objectives/content from the PDF and I'll normalize it immediately

Once I can read the PDF content, I'll produce:
- `docs/discovery/SRC-1-BI-Dashboard-Objectives.md` (with proper header + open questions)
- `docs/discovery/index.md` (source index table)
- `docs/discovery/discovery.md` (executive summary, stakeholders, pain points, scope, glossary)

How would you like to proceed?
INFO:     127.0.0.1:56156 - "GET /healthz HTTP/1.1" 200 OK
INFO:     127.0.0.1:56170 - "GET /api/status HTTP/1.1" 200 OK
ERROR:    Exception in ASGI application
Traceback (most recent call last):
  File "/data/data/com.termux/files/home/termux-ai/kabarbaik-app/.venv/lib/python3.13/site-packages/uvicorn/protocols/http/h11_impl.py", line 416, in run_asgi
    result = await app(  # type: ignore[func-returns-value]
             ^^^^^^^^^^^^^^^^^^^^^^^^^^^^^^^^^^^^^^^^^^^^^^
        self.scope, self.receive, self.send
        ^^^^^^^^^^^^^^^^^^^^^^^^^^^^^^^^^^^
    )
    ^
  File "/data/data/com.termux/files/home/termux-ai/kabarbaik-app/.venv/lib/python3.13/site-packages/uvicorn/middleware/proxy_headers.py", line 63, in __call__
    return await self.app(scope, receive, send)
           ^^^^^^^^^^^^^^^^^^^^^^^^^^^^^^^^^^^^
  File "/data/data/com.termux/files/home/termux-ai/kabarbaik-app/.venv/lib/python3.13/site-packages/fastapi/applications.py", line 1163, in __call__
    await super().__call__(scope, receive, send)
  File "/data/data/com.termux/files/home/termux-ai/kabarbaik-app/.venv/lib/python3.13/site-packages/starlette/applications.py", line 96, in __call__
    await self.middleware_stack(scope, receive, send)
  File "/data/data/com.termux/files/home/termux-ai/kabarbaik-app/.venv/lib/python3.13/site-packages/starlette/middleware/errors.py", line 186, in __call__
    raise exc
  File "/data/data/com.termux/files/home/termux-ai/kabarbaik-app/.venv/lib/python3.13/site-packages/starlette/middleware/errors.py", line 164, in __call__
    await self.app(scope, receive, _send)
  File "/data/data/com.termux/files/home/termux-ai/kabarbaik-app/.venv/lib/python3.13/site-packages/starlette/middleware/exceptions.py", line 63, in __call__
    await wrap_app_handling_exceptions(self.app, conn)(scope, receive, send)
  File "/data/data/com.termux/files/home/termux-ai/kabarbaik-app/.venv/lib/python3.13/site-packages/starlette/_exception_handler.py", line 53, in wrapped_app
    raise exc
  File "/data/data/com.termux/files/home/termux-ai/kabarbaik-app/.venv/lib/python3.13/site-packages/starlette/_exception_handler.py", line 42, in wrapped_app
    await app(scope, receive, sender)
  File "/data/data/com.termux/files/home/termux-ai/kabarbaik-app/.venv/lib/python3.13/site-packages/fastapi/middleware/asyncexitstack.py", line 18, in __call__
    await self.app(scope, receive, send)
  File "/data/data/com.termux/files/home/termux-ai/kabarbaik-app/.venv/lib/python3.13/site-packages/starlette/routing.py", line 670, in __call__
    await self.middleware_stack(scope, receive, send)
  File "/data/data/com.termux/files/home/termux-ai/kabarbaik-app/.venv/lib/python3.13/site-packages/fastapi/routing.py", line 2734, in app
    await route.handle(scope, receive, send)
  File "/data/data/com.termux/files/home/termux-ai/kabarbaik-app/.venv/lib/python3.13/site-packages/fastapi/routing.py", line 1281, in handle
    await super().handle(scope, receive, send)
  File "/data/data/com.termux/files/home/termux-ai/kabarbaik-app/.venv/lib/python3.13/site-packages/starlette/routing.py", line 280, in handle
    await self.app(scope, receive, send)
  File "/data/data/com.termux/files/home/termux-ai/kabarbaik-app/.venv/lib/python3.13/site-packages/fastapi/routing.py", line 158, in app
    await wrap_app_handling_exceptions(app, request)(scope, receive, send)
  File "/data/data/com.termux/files/home/termux-ai/kabarbaik-app/.venv/lib/python3.13/site-packages/starlette/_exception_handler.py", line 53, in wrapped_app
    raise exc
  File "/data/data/com.termux/files/home/termux-ai/kabarbaik-app/.venv/lib/python3.13/site-packages/starlette/_exception_handler.py", line 42, in wrapped_app
    await app(scope, receive, sender)
  File "/data/data/com.termux/files/home/termux-ai/kabarbaik-app/.venv/lib/python3.13/site-packages/fastapi/routing.py", line 144, in app
    response = await f(request)
               ^^^^^^^^^^^^^^^^
  File "/data/data/com.termux/files/home/termux-ai/kabarbaik-app/.venv/lib/python3.13/site-packages/fastapi/routing.py", line 706, in app
    raw_response = await run_endpoint_function(
                   ^^^^^^^^^^^^^^^^^^^^^^^^^^^^
    ...<3 lines>...
    )
    ^
  File "/data/data/com.termux/files/home/termux-ai/kabarbaik-app/.venv/lib/python3.13/site-packages/fastapi/routing.py", line 352, in run_endpoint_function
    return await dependant.call(**values)
           ^^^^^^^^^^^^^^^^^^^^^^^^^^^^^^
  File "/data/data/com.termux/files/home/termux-ai/kabarbaik-app/main.py", line 153, in run_stage
    output = await workflow.run_stage(project, stage_index)
             ^^^^^^^^^^^^^^^^^^^^^^^^^^^^^^^^^^^^^^^^^^^^^^
  File "/data/data/com.termux/files/home/termux-ai/kabarbaik-app/workflow.py", line 185, in run_stage
    async for line in ai_runner.run(
    ...<6 lines>...
        buf.append(line)
  File "/data/data/com.termux/files/home/termux-ai/kabarbaik-app/ai_runner.py", line 171, in run
    raise AiError(detail or f"termux-ai exited {proc.returncode}.")
ai_runner.AiError: ↻ retry 1/3 in 1s · HTTP 429
↻ retry 2/3 in 2s · HTTP 429
↻ retry 1/3 in 1s · HTTP 429
↻ retry 2/3 in 2s · HTTP 429
↻ retry 1/3 in 1s · HTTP 429
↻ retry 2/3 in 2s · HTTP 429
INFO:     Shutting down
INFO:     Waiting for background tasks to complete. (CTRL+C to force quit)
